// Jest Snapshot v1, https://goo.gl/fbAQLP

exports[`<Dropdown /> rendering renders correctly 1`] = `ShallowWrapper {}`;
