// Jest Snapshot v1, https://goo.gl/fbAQLP

exports[`<Card /> rendering renders correctly 1`] = `ShallowWrapper {}`;
