// Jest Snapshot v1, https://goo.gl/fbAQLP

exports[`<MainPanel /> rendering renders correctly 1`] = `ShallowWrapper {}`;
